#
# There is insufficient memory for the Java Runtime Environment to continue.
# Native memory allocation (mmap) failed to map 132120576 bytes for G1 virtual space
# Possible reasons:
#   The system is out of physical RAM or swap space
#   The process is running with CompressedOops enabled, and the Java Heap may be blocking the growth of the native heap
# Possible solutions:
#   Reduce memory load on the system
#   Increase physical memory or swap space
#   Check if swap backing store is full
#   Decrease Java heap size (-Xmx/-Xms)
#   Decrease number of Java threads
#   Decrease Java thread stack sizes (-Xss)
#   Set larger code cache with -XX:ReservedCodeCacheSize=
#   JVM is running with Unscaled Compressed Oops mode in which the Java heap is
#     placed in the first 4GB address space. The Java Heap base address is the
#     maximum limit for the native heap growth. Please use -XX:HeapBaseMinAddress
#     to set the Java Heap base and to place the Java Heap above 4GB virtual address.
# This output file may be truncated or incomplete.
#
#  Out of Memory Error (os_windows.cpp:3557), pid=4360, tid=6128
#
# JRE version:  (17.0.6+10) (build )
# Java VM: OpenJDK 64-Bit Server VM (17.0.6+10, mixed mode, sharing, tiered, compressed oops, compressed class ptrs, g1 gc, windows-amd64)
# No core dump will be written. Minidumps are not enabled by default on client versions of Windows
#

---------------  S U M M A R Y ------------

Command Line: -Dfile.encoding=UTF-8 -XX:+ShowCodeDetailsInExceptionMessages tpfinal.Cliente

Host: Intel(R) Core(TM) i5-8500 CPU @ 3.00GHz, 6 cores, 7G,  Windows 10 , 64 bit Build 19041 (10.0.19041.5915)
Time: Wed Nov 19 10:33:11 2025 Hora estándar de Argentina elapsed time: 0.019375 seconds (0d 0h 0m 0s)

---------------  T H R E A D  ---------------

Current thread (0x000002534518dff0):  JavaThread "Unknown thread" [_thread_in_vm, id=6128, stack(0x000000854a800000,0x000000854a900000)]

Stack: [0x000000854a800000,0x000000854a900000]
Native frames: (J=compiled Java code, j=interpreted, Vv=VM code, C=native code)
V  [jvm.dll+0x67741a]
V  [jvm.dll+0x834434]
V  [jvm.dll+0x835bde]
V  [jvm.dll+0x836243]
V  [jvm.dll+0x2457b5]
V  [jvm.dll+0x674329]
V  [jvm.dll+0x6689da]
V  [jvm.dll+0x30489b]
V  [jvm.dll+0x30bd96]
V  [jvm.dll+0x35b57e]
V  [jvm.dll+0x35b7af]
V  [jvm.dll+0x2db778]
V  [jvm.dll+0x2dc6e4]
V  [jvm.dll+0x806131]
V  [jvm.dll+0x369331]
V  [jvm.dll+0x7e56ac]
V  [jvm.dll+0x3eb35f]
V  [jvm.dll+0x3ecea1]
C  [jli.dll+0x5267]
C  [ucrtbase.dll+0x21bb2]
C  [KERNEL32.DLL+0x17374]
C  [ntdll.dll+0x4cc91]


---------------  P R O C E S S  ---------------

Threads class SMR info:
_java_thread_list=0x00007ffc5b585fd8, length=0, elements={
}

Java Threads: ( => current thread )

Other Threads:
  0x00000253451e8100 GCTaskThread "GC Thread#0" [stack: 0x000000854a900000,0x000000854aa00000] [id=3804]
  0x00000253451f8a80 ConcurrentGCThread "G1 Main Marker" [stack: 0x000000854aa00000,0x000000854ab00000] [id=8864]
  0x00000253451f9c30 ConcurrentGCThread "G1 Conc#0" [stack: 0x000000854ab00000,0x000000854ac00000] [id=9616]

[error occurred during error reporting (printing all threads), id 0xc0000005, EXCEPTION_ACCESS_VIOLATION (0xc0000005) at pc=0x00007ffc5ad5c1e7]

VM state: not at safepoint (not fully initialized)

VM Mutex/Monitor currently owned by a thread:  ([mutex/lock_event])
[0x00000253451899c0] Heap_lock - owner thread: 0x000002534518dff0

Heap address: 0x0000000082e00000, size: 2002 MB, Compressed Oops mode: 32-bit

CDS archive(s) mapped at: [0x0000000000000000-0x0000000000000000-0x0000000000000000), size 0, SharedBaseAddress: 0x0000000800000000, ArchiveRelocationMode: 0.
Narrow klass base: 0x0000000000000000, Narrow klass shift: 0, Narrow klass range: 0x0

GC Precious Log:
<Empty>

Heap:
 garbage-first heap   total 0K, used 0K [0x0000000082e00000, 0x0000000100000000)
  region size 1024K, 0 young (0K), 0 survivors (0K)

[error occurred during error reporting (printing heap information), id 0xc0000005, EXCEPTION_ACCESS_VIOLATION (0xc0000005) at pc=0x00007ffc5b1406f9]

GC Heap History (0 events):
No events

Dll operation events (1 events):
Event: 0.015 Loaded shared library C:\sts-4.17.2.RELEASE\plugins\org.eclipse.justj.openjdk.hotspot.jre.full.win32.x86_64_17.0.6.v20230125-1136\jre\bin\java.dll

Deoptimization events (0 events):
No events

Classes unloaded (0 events):
No events

Classes redefined (0 events):
No events

Internal exceptions (0 events):
No events

VM Operations (0 events):
No events

Events (0 events):
No events


Dynamic libraries:
0x00007ff794520000 - 0x00007ff79452e000 	C:\sts-4.17.2.RELEASE\plugins\org.eclipse.justj.openjdk.hotspot.jre.full.win32.x86_64_17.0.6.v20230125-1136\jre\bin\javaw.exe
0x00007ffcdec30000 - 0x00007ffcdee28000 	C:\Windows\SYSTEM32\ntdll.dll
0x00007ffcdde10000 - 0x00007ffcdded2000 	C:\Windows\System32\KERNEL32.DLL
0x00007ffcdc2c0000 - 0x00007ffcdc5b6000 	C:\Windows\System32\KERNELBASE.dll
0x00007ffcdca10000 - 0x00007ffcdcb10000 	C:\Windows\System32\ucrtbase.dll
0x00007ffccfc20000 - 0x00007ffccfc37000 	C:\sts-4.17.2.RELEASE\plugins\org.eclipse.justj.openjdk.hotspot.jre.full.win32.x86_64_17.0.6.v20230125-1136\jre\bin\jli.dll
0x00007ffcc24b0000 - 0x00007ffcc24c9000 	C:\sts-4.17.2.RELEASE\plugins\org.eclipse.justj.openjdk.hotspot.jre.full.win32.x86_64_17.0.6.v20230125-1136\jre\bin\VCRUNTIME140.dll
0x00007ffcdd390000 - 0x00007ffcdd531000 	C:\Windows\System32\USER32.dll
0x00007ffcdc5c0000 - 0x00007ffcdc5e2000 	C:\Windows\System32\win32u.dll
0x00007ffcd1b90000 - 0x00007ffcd1e2b000 	C:\Windows\WinSxS\amd64_microsoft.windows.common-controls_6595b64144ccf1df_6.0.19041.6456_none_60b8a6cb71f64256\COMCTL32.dll
0x00007ffcdd100000 - 0x00007ffcdd12b000 	C:\Windows\System32\GDI32.dll
0x00007ffcddf90000 - 0x00007ffcde02e000 	C:\Windows\System32\msvcrt.dll
0x00007ffcdc8f0000 - 0x00007ffcdca09000 	C:\Windows\System32\gdi32full.dll
0x00007ffcdc5f0000 - 0x00007ffcdc68d000 	C:\Windows\System32\msvcp_win.dll
0x00007ffcdce10000 - 0x00007ffcdce3f000 	C:\Windows\System32\IMM32.DLL
0x00007ffccd740000 - 0x00007ffccd74c000 	C:\sts-4.17.2.RELEASE\plugins\org.eclipse.justj.openjdk.hotspot.jre.full.win32.x86_64_17.0.6.v20230125-1136\jre\bin\vcruntime140_1.dll
0x00007ffcbaf20000 - 0x00007ffcbafb1000 	C:\sts-4.17.2.RELEASE\plugins\org.eclipse.justj.openjdk.hotspot.jre.full.win32.x86_64_17.0.6.v20230125-1136\jre\bin\msvcp140.dll
0x00007ffc5aa70000 - 0x00007ffc5b6b7000 	C:\sts-4.17.2.RELEASE\plugins\org.eclipse.justj.openjdk.hotspot.jre.full.win32.x86_64_17.0.6.v20230125-1136\jre\bin\server\jvm.dll
0x00007ffcdd130000 - 0x00007ffcdd1e1000 	C:\Windows\System32\ADVAPI32.dll
0x00007ffcdd060000 - 0x00007ffcdd0ff000 	C:\Windows\System32\sechost.dll
0x00007ffcdce60000 - 0x00007ffcdcf80000 	C:\Windows\System32\RPCRT4.dll
0x00007ffcdc7f0000 - 0x00007ffcdc817000 	C:\Windows\System32\bcrypt.dll
0x00007ffcd1a90000 - 0x00007ffcd1a99000 	C:\Windows\SYSTEM32\WSOCK32.dll
0x00007ffcc77b0000 - 0x00007ffcc77d7000 	C:\Windows\SYSTEM32\WINMM.dll
0x00007ffcdd8a0000 - 0x00007ffcdd90b000 	C:\Windows\System32\WS2_32.dll
0x00007ffcd75d0000 - 0x00007ffcd75da000 	C:\Windows\SYSTEM32\VERSION.dll
0x00007ffcda030000 - 0x00007ffcda042000 	C:\Windows\SYSTEM32\kernel.appcore.dll
0x00007ffcd4c70000 - 0x00007ffcd4c7a000 	C:\sts-4.17.2.RELEASE\plugins\org.eclipse.justj.openjdk.hotspot.jre.full.win32.x86_64_17.0.6.v20230125-1136\jre\bin\jimage.dll
0x00007ffcc8be0000 - 0x00007ffcc8de1000 	C:\Windows\SYSTEM32\DBGHELP.DLL
0x00007ffcc6a30000 - 0x00007ffcc6a64000 	C:\Windows\SYSTEM32\dbgcore.DLL
0x00007ffcdcb10000 - 0x00007ffcdcb92000 	C:\Windows\System32\bcryptPrimitives.dll
0x00007ffccfbf0000 - 0x00007ffccfc15000 	C:\sts-4.17.2.RELEASE\plugins\org.eclipse.justj.openjdk.hotspot.jre.full.win32.x86_64_17.0.6.v20230125-1136\jre\bin\java.dll

dbghelp: loaded successfully - version: 4.0.5 - missing functions: none
symbol engine: initialized successfully - sym options: 0x614 - pdb path: .;C:\sts-4.17.2.RELEASE\plugins\org.eclipse.justj.openjdk.hotspot.jre.full.win32.x86_64_17.0.6.v20230125-1136\jre\bin;C:\Windows\SYSTEM32;C:\Windows\WinSxS\amd64_microsoft.windows.common-controls_6595b64144ccf1df_6.0.19041.6456_none_60b8a6cb71f64256;C:\sts-4.17.2.RELEASE\plugins\org.eclipse.justj.openjdk.hotspot.jre.full.win32.x86_64_17.0.6.v20230125-1136\jre\bin\server

VM Arguments:
jvm_args: -Dfile.encoding=UTF-8 -XX:+ShowCodeDetailsInExceptionMessages 
java_command: tpfinal.Cliente
java_class_path (initial): C:\Users\Redes-04\Documents\GitHub\TPFinal\target\classes
Launcher Type: SUN_STANDARD

[Global flags]
     intx CICompilerCount                          = 3                                         {product} {ergonomic}
     uint ConcGCThreads                            = 2                                         {product} {ergonomic}
     uint G1ConcRefinementThreads                  = 6                                         {product} {ergonomic}
   size_t G1HeapRegionSize                         = 1048576                                   {product} {ergonomic}
    uintx GCDrainStackTargetSize                   = 64                                        {product} {ergonomic}
   size_t InitialHeapSize                          = 132120576                                 {product} {ergonomic}
   size_t MarkStackSize                            = 4194304                                   {product} {ergonomic}
   size_t MaxHeapSize                              = 2099249152                                {product} {ergonomic}
   size_t MinHeapDeltaBytes                        = 1048576                                   {product} {ergonomic}
   size_t MinHeapSize                              = 8388608                                   {product} {ergonomic}
    uintx NonNMethodCodeHeapSize                   = 5832780                                {pd product} {ergonomic}
    uintx NonProfiledCodeHeapSize                  = 122912730                              {pd product} {ergonomic}
    uintx ProfiledCodeHeapSize                     = 122912730                              {pd product} {ergonomic}
    uintx ReservedCodeCacheSize                    = 251658240                              {pd product} {ergonomic}
     bool SegmentedCodeCache                       = true                                      {product} {ergonomic}
     bool ShowCodeDetailsInExceptionMessages       = true                                   {manageable} {command line}
   size_t SoftMaxHeapSize                          = 2099249152                             {manageable} {ergonomic}
     bool UseCompressedClassPointers               = true                           {product lp64_product} {ergonomic}
     bool UseCompressedOops                        = true                           {product lp64_product} {ergonomic}
     bool UseG1GC                                  = true                                      {product} {ergonomic}
     bool UseLargePagesIndividualAllocation        = false                                  {pd product} {ergonomic}

Logging:
Log output configuration:
 #0: stdout all=warning uptime,level,tags
 #1: stderr all=off uptime,level,tags

Environment Variables:
PATH=C:/sts-4.17.2.RELEASE//plugins/org.eclipse.justj.openjdk.hotspot.jre.full.win32.x86_64_17.0.6.v20230125-1136/jre/bin/server;C:/sts-4.17.2.RELEASE//plugins/org.eclipse.justj.openjdk.hotspot.jre.full.win32.x86_64_17.0.6.v20230125-1136/jre/bin;C:\Program Files\Common Files\Oracle\Java\javapath;C:\Program Files (x86)\Common Files\Oracle\Java\java8path;C:\Program Files (x86)\Common Files\Oracle\Java\javapath;C:\Windows\system32;C:\Windows;C:\Windows\System32\Wbem;C:\Windows\System32\WindowsPowerShell\v1.0\;C:\Windows\System32\OpenSSH\;C:\Program Files\Git\cmd;C:\Program Files\PuTTY\;C:\ProgramData\chocolatey\bin;C:\Program Files\Docker\Docker\resources\bin;C:\Program Files\nodejs\;C:\Program Files\MySQL\MySQL Shell 8.0\bin\;C:\Users\Redes-04\AppData\Local\Microsoft\WindowsApps;C:\Users\Redes-04\AppData\Local\atom\bin;C:\Users\Redes-04\AppData\Local\GitHubDesktop\bin;C:\Users\Redes-04\AppData\Local\Programs\Microsoft VS Code\bin;C:\Users\Redes-04\AppData\Local\Programs\Python\Python313\Scripts;C:\Users\Redes-04\AppData\Roaming\npm;C:\Program Files\JetBrains\PyCharm 2025.2.4\bin;C:\sts-4.17.2.RELEASE;
USERNAME=Redes-04
OS=Windows_NT
PROCESSOR_IDENTIFIER=Intel64 Family 6 Model 158 Stepping 10, GenuineIntel
TMP=C:\Users\Redes-04\AppData\Local\Temp
TEMP=C:\Users\Redes-04\AppData\Local\Temp



---------------  S Y S T E M  ---------------

OS:
 Windows 10 , 64 bit Build 19041 (10.0.19041.5915)
OS uptime: 0 days 0:35 hours
Hyper-V role detected

CPU: total 6 (initial active 6) (6 cores per cpu, 1 threads per core) family 6 model 158 stepping 10 microcode 0xfa, cx8, cmov, fxsr, mmx, 3dnowpref, sse, sse2, sse3, ssse3, sse4.1, sse4.2, popcnt, lzcnt, tsc, tscinvbit, avx, avx2, aes, erms, clmul, bmi1, bmi2, rtm, adx, fma, vzeroupper, clflush, clflushopt, hv

Memory: 4k page, system-wide physical 8001M (419M free)
TotalPageFile size 8001M (AvailPageFile size 51M)
current process WorkingSet (physical memory assigned to process): 10M, peak: 10M
current process commit charge ("private bytes"): 56M, peak: 182M

vm_info: OpenJDK 64-Bit Server VM (17.0.6+10) for windows-amd64 JRE (17.0.6+10), built on Jan 18 2023 10:08:59 by "temurin" with MS VC++ 16.7 (VS2019)

END.
